ABORT.BMP
ABREP.BMP
AJUDACON.BMP
ALARM.BMP
ALARMRNG.BMP
ANIMATN.BMP
ANTERIOR.BMP
ARROW1D.BMP
ARROW1DL.BMP
ARROW1DR.BMP
ARROW1L.BMP
ARROW1R.BMP
ARROW1U.BMP
ARROW1UL.BMP
ARROW1UR.BMP
ARROW2D.BMP
ARROW2L.BMP
ARROW2R.BMP
ARROW2U.BMP
ARROW3D.BMP
ARROW3L.BMP
ARROW3R.BMP
ARROW3U.BMP
AUTOAJUD.BMP
BARRA.BMP
BOOKOPEN.BMP
BOOKSHUT.BMP
BORRACHA.BMP
BRUSH.BMP
BULBOFF.BMP
BULBON.BMP
CALCULAT.BMP
CALENDAR.BMP
CANCELA.BMP
CASCATA.BMP
CDROM.BMP
CHECK.BMP
CHEQUE.BMP
CLEAR.BMP
CLOCK.BMP
COLOR.BMP
COMPMAC.BMP
COMPPC1.BMP
COMPPC2.BMP
COPIAR.BMP
COPY.BMP
CRDFILE1.BMP
CRDFILE2.BMP
CRDFILE3.BMP
CRESCENT.BMP
CUT.BMP
DATE.BMP
DAY.BMP
DECRESCE.BMP
DELETE.BMP
DESFAZER.BMP
DIRECTRY.BMP
DOCSINGL.BMP
DOCSTACK.BMP
DOOROPEN.BMP
DOORSHUT.BMP
EDIT.BMP
ERASE.BMP
EXPORT.BMP
F3.BMP
F4.BMP
F9.BMP
FCABOPEN.BMP
FCABSHUT.BMP
FDRAWER1.BMP
FDRAWER2.BMP
FECHAR.BMP
FIELD.BMP
FIGURAS.BMP
FILECLOS.BMP
FILENEW.BMP
FILEOPEN.BMP
FILESAVE.BMP
FIND.BMP
FIRSTAID.BMP
FLDR2OPN.BMP
FLDRMANY.BMP
FLDROPEN.BMP
FLDRSHUT.BMP
FLOPPY.BMP
FOLDRDOC.BMP
FONT.BMP
FONTBOLD.BMP
FONTITAL.BMP
FONTSIZE.BMP
FORM.BMP
FORMULA.BMP
GEARS.BMP
GLOBE.BMP
GROUP.BMP
GRPHBAR.BMP
GRPHLINE.BMP
GRPHPIE.BMP
HARDDISK.BMP
HELP.BMP
HELPINDX.BMP
HERANCA.BMP
HIDE.BMP
HOURGLAS.BMP
IGNORE.BMP
IMAGEM.BMP
IMPORT.BMP
IMPRESSO.BMP
INCLUIR.BMP
INFO.BMP
INSERIR.BMP
INSERT.BMP
JUAN1.BMP
JUAN2.BMP
JUAN3.BMP
JUAN4.BMP
JUAN5.BMP
JUAN6.BMP
KEY.BMP
KEYBOARD.BMP
LADOH.BMP
LADOV.BMP
LED1OFF.BMP
LED1ON.BMP
LED2OFF.BMP
LED2ON.BMP
LED3OFF.BMP
LED3ON.BMP
LIBRARY.BMP
LINKS.BMP
LOCALIZA.BMP
LOCKOPEN.BMP
LOCKSHUT.BMP
MAIL.BMP
MAILAUD.BMP
MAILBOX.BMP
MAILBOXF.BMP
MAILHOT.BMP
MAILOPEN.BMP
MAILPICT.BMP
MAILTEXT.BMP
MAILVID.BMP
MANY2MNY.BMP
MANY2ONE.BMP
MEAN.BMP
MEDIAN.BMP
MINIMIZ.BMP
MINIMIZA.BMP
MODE.BMP
MOEDA.BMP
MONITOR.BMP
MOUSE.BMP
MUSIC.BMP
NETPEER.BMP
NETSERV.BMP
NIGHT.BMP
NPAD.BMP
NPADTAB.BMP
NPADWRIT.BMP
OK.BMP
ONE2MANY.BMP
ONE2ONE.BMP
ORGANIZ.BMP
ORGANIZA.BMP
PAGENUM.BMP
PASTE.BMP
PENCIL.BMP
PHONE.BMP
PHONERNG.BMP
PICTURE.BMP
PINCEL.BMP
POPMENU.BMP
PORCENTO.BMP
PRIMEIRO.BMP
PRINT.BMP
PRINTER.BMP
PROCURAR.BMP
PROPERTY.BMP
QUERY.BMP
RELOGIO.BMP
REPORT.BMP
RESOURCE.BMP
RETRY.BMP
SALVAR.BMP
SEGUINTE.BMP
SHOW.BMP
SORT.BMP
SOUND.BMP
SPELLING.BMP
STPWATCH.BMP
SUM.BMP
SUPORTE.BMP
TABLE.BMP
TABVB.BMP
TIME.BMP
TOOLS.BMP
TRASH.BMP
TRASHFUL.BMP
TUTORIAL.BMP
ULTIMO.BMP
UNDO.BMP
UNGROUP.BMP
USRS.BMP
VARIANCE.BMP
VCRFSFOR.BMP
VCRPAUSE.BMP
VCRPLAY.BMP
VCRRECRD.BMP
VCRREWND.BMP
VCRSTOP.BMP
VIDEO.BMP
WATCH.BMP
WRITE.BMP
ZOOMIN.BMP
ZOOMOUT.BMP
